// Jest Snapshot v1, https://goo.gl/fbAQLP

exports[`ListItem renders correctly! 1`] = `
Array [
  <View
    accessible={true}
    isTVSelectable={true}
    onResponderGrant={[Function]}
    onResponderMove={[Function]}
    onResponderRelease={[Function]}
    onResponderTerminate={[Function]}
    onResponderTerminationRequest={[Function]}
    onStartShouldSetResponder={[Function]}
    style={
      Object {
        "alignItems": "center",
        "backgroundColor": "#ededed",
        "flex": 1,
        "flexDirection": "row",
        "height": 70,
        "opacity": 1,
        "width": "100%",
      }
    }
  >
    <View
      accessible={true}
      isTVSelectable={true}
      onResponderGrant={[Function]}
      onResponderMove={[Function]}
      onResponderRelease={[Function]}
      onResponderTerminate={[Function]}
      onResponderTerminationRequest={[Function]}
      onStartShouldSetResponder={[Function]}
      style={
        Object {
          "backgroundColor": "transparent",
          "borderColor": "transparent",
          "borderRadius": 3,
          "borderWidth": 1,
          "margin": 5,
          "marginLeft": -3,
          "marginRight": 10,
          "opacity": 1,
          "padding": 10,
        }
      }
    >
      <View
        style={
          Array [
            Object {
              "alignItems": "center",
              "flexDirection": "row",
            },
            false,
            false,
          ]
        }
      >
        <Text
          accessible={true}
          allowFontScaling={false}
          ellipsizeMode="tail"
          onPress={[Function]}
          style={
            Array [
              Object {
                "color": "#bfbfbf",
                "fontSize": 24,
              },
              undefined,
              Object {
                "fontFamily": "FontAwesome",
                "fontStyle": "normal",
                "fontWeight": "normal",
              },
            ]
          }
        >
          ï‚–
        </Text>
        <Text
          accessible={true}
          allowFontScaling={true}
          ellipsizeMode="tail"
          style={
            Array [
              Object {},
              undefined,
              undefined,
              undefined,
              undefined,
              undefined,
              undefined,
              undefined,
              undefined,
              undefined,
              Array [
                Object {
                  "color": "#43484d",
                  "fontWeight": "bold",
                  "marginLeft": 10,
                  "marginRight": 10,
                },
                undefined,
                undefined,
              ],
            ]
          }
        />
      </View>
    </View>
    <Text
      accessible={true}
      allowFontScaling={true}
      ellipsizeMode="tail"
      style={
        Object {
          "color": "#7f7f7f",
          "fontSize": 16,
          "marginLeft": -30,
          "maxWidth": "78%",
          "width": "78%",
        }
      }
    />
    <View
      accessible={true}
      isTVSelectable={true}
      onResponderGrant={[Function]}
      onResponderMove={[Function]}
      onResponderRelease={[Function]}
      onResponderTerminate={[Function]}
      onResponderTerminationRequest={[Function]}
      onStartShouldSetResponder={[Function]}
      style={
        Object {
          "opacity": 1,
        }
      }
    >
      <Image
        source={
          Object {
            "process": [Function],
          }
        }
        style={
          Object {
            "height": 30,
            "width": 30,
          }
        }
      />
    </View>
  </View>,
  <View
    style={
      Object {
        "alignItems": "center",
        "backgroundColor": "#ededed",
        "borderBottomWidth": 0.25,
        "flex": 1,
        "height": 18,
        "justifyContent": "center",
        "width": "100%",
      }
    }
  >
    <Text
      accessible={true}
      allowFontScaling={true}
      ellipsizeMode="tail"
      style={
        Object {
          "color": "#7f7f7f",
          "fontSize": 12,
        }
      }
    />
  </View>,
  <View>
    <Modal
      animationType="slide"
      hardwareAccelerated={false}
      onRequestClose={[Function]}
      transparent={false}
      visible={false}
    >
      <View
        style={
          Object {
            "alignItems": "center",
            "justifyContent": "center",
          }
        }
      >
        <View
          accessible={true}
          isTVSelectable={true}
          onResponderGrant={[Function]}
          onResponderMove={[Function]}
          onResponderRelease={[Function]}
          onResponderTerminate={[Function]}
          onResponderTerminationRequest={[Function]}
          onStartShouldSetResponder={[Function]}
          style={
            Object {
              "alignSelf": "flex-start",
              "marginBottom": 15,
              "marginLeft": 10,
              "opacity": 1,
            }
          }
        >
          <Image
            source={
              Object {
                "process": [Function],
              }
            }
            style={
              Object {
                "height": 30,
                "padding": 5,
                "width": 30,
              }
            }
          />
        </View>
        <TextInput
          allowFontScaling={true}
          onChangeText={[Function]}
          style={
            Object {
              "backgroundColor": "#dddddd",
              "fontSize": 25,
              "padding": 20,
              "textAlign": "center",
              "width": "100%",
            }
          }
        />
        <View
          style={
            Object {
              "alignItems": "center",
              "backgroundColor": "#ededed",
              "borderBottomWidth": 0.2,
              "flexDirection": "row",
              "height": "18%",
              "justifyContent": "center",
              "width": "100%",
            }
          }
        >
          <View
            accessible={true}
            isTVSelectable={true}
            onResponderGrant={[Function]}
            onResponderMove={[Function]}
            onResponderRelease={[Function]}
            onResponderTerminate={[Function]}
            onResponderTerminationRequest={[Function]}
            onStartShouldSetResponder={[Function]}
            style={
              Array [
                Object {
                  "width": 142,
                },
                undefined,
              ]
            }
          >
            <View
              style={
                Array [
                  Object {
                    "alignItems": "center",
                    "flexDirection": "row",
                    "height": 40,
                    "justifyContent": "center",
                  },
                  undefined,
                ]
              }
            >
              <View
                style={
                  Array [
                    Object {
                      "alignItems": "center",
                      "borderColor": "#aaa",
                      "borderWidth": 1,
                      "flex": 1,
                      "height": 40,
                      "justifyContent": "center",
                    },
                    undefined,
                    false,
                    false,
                  ]
                }
              >
                <Text
                  accessible={true}
                  allowFontScaling={true}
                  ellipsizeMode="tail"
                  style={
                    Array [
                      Object {
                        "color": "#c9c9c9",
                      },
                      undefined,
                    ]
                  }
                >
                  select date
                </Text>
              </View>
              <Image
                source={
                  Object {
                    "process": [Function],
                  }
                }
                style={
                  Array [
                    Object {
                      "height": 32,
                      "marginLeft": 5,
                      "marginRight": 5,
                      "width": 32,
                    },
                    undefined,
                  ]
                }
              />
              <Modal
                animationType="none"
                hardwareAccelerated={false}
                onRequestClose={[Function]}
                supportedOrientations={
                  Array [
                    "portrait",
                    "portrait-upside-down",
                    "landscape",
                    "landscape-left",
                    "landscape-right",
                  ]
                }
                transparent={true}
                visible={false}
              >
                <View
                  style={
                    Object {
                      "flex": 1,
                    }
                  }
                >
                  <View
                    accessible={true}
                    isTVSelectable={true}
                    onResponderGrant={[Function]}
                    onResponderMove={[Function]}
                    onResponderRelease={[Function]}
                    onResponderTerminate={[Function]}
                    onResponderTerminationRequest={[Function]}
                    onStartShouldSetResponder={[Function]}
                    style={
                      Object {
                        "alignItems": "flex-end",
                        "backgroundColor": "#00000077",
                        "flex": 1,
                        "flexDirection": "row",
                      }
                    }
                  >
                    <View
                      accessible={true}
                      isTVSelectable={true}
                      onResponderGrant={[Function]}
                      onResponderMove={[Function]}
                      onResponderRelease={[Function]}
                      onResponderTerminate={[Function]}
                      onResponderTerminationRequest={[Function]}
                      onStartShouldSetResponder={[Function]}
                      style={
                        Object {
                          "flex": 1,
                        }
                      }
                    >
                      <View
                        style={
                          Object {
                            "backgroundColor": "#fff",
                            "height": 0,
                            "overflow": "hidden",
                          }
                        }
                      >
                        <View
                          pointerEvents="auto"
                        >
                          <View
                            style={
                              Array [
                                Object {
                                  "borderTopColor": "#ccc",
                                  "borderTopWidth": 1,
                                  "marginTop": 42,
                                },
                                undefined,
                              ]
                            }
                          >
                            <RCTDatePicker
                              date={1539707925674}
                              minimumDate={1539707925720}
                              mode="date"
                              onChange={[Function]}
                              onResponderTerminationRequest={[Function]}
                              onStartShouldSetResponder={[Function]}
                              style={
                                Object {
                                  "height": 216,
                                }
                              }
                              timeZoneOffsetInMinutes={null}
                            />
                          </View>
                        </View>
                        <View
                          accessible={true}
                          isTVSelectable={true}
                          onResponderGrant={[Function]}
                          onResponderMove={[Function]}
                          onResponderRelease={[Function]}
                          onResponderTerminate={[Function]}
                          onResponderTerminationRequest={[Function]}
                          onStartShouldSetResponder={[Function]}
                          style={
                            Array [
                              Object {
                                "alignItems": "center",
                                "flexDirection": "row",
                                "height": 42,
                                "justifyContent": "center",
                                "paddingHorizontal": 20,
                                "position": "absolute",
                                "top": 0,
                              },
                              Object {
                                "left": 0,
                              },
                              undefined,
                            ]
                          }
                        >
                          <Text
                            accessible={true}
                            allowFontScaling={true}
                            ellipsizeMode="tail"
                            style={
                              Array [
                                Object {
                                  "color": "#46cf98",
                                  "fontSize": 16,
                                },
                                Object {
                                  "color": "#666",
                                },
                                undefined,
                              ]
                            }
                          >
                            Cancel
                          </Text>
                        </View>
                        <View
                          accessible={true}
                          isTVSelectable={true}
                          onResponderGrant={[Function]}
                          onResponderMove={[Function]}
                          onResponderRelease={[Function]}
                          onResponderTerminate={[Function]}
                          onResponderTerminationRequest={[Function]}
                          onStartShouldSetResponder={[Function]}
                          style={
                            Array [
                              Object {
                                "alignItems": "center",
                                "flexDirection": "row",
                                "height": 42,
                                "justifyContent": "center",
                                "paddingHorizontal": 20,
                                "position": "absolute",
                                "top": 0,
                              },
                              Object {
                                "right": 0,
                              },
                              undefined,
                            ]
                          }
                        >
                          <Text
                            accessible={true}
                            allowFontScaling={true}
                            ellipsizeMode="tail"
                            style={
                              Array [
                                Object {
                                  "color": "#46cf98",
                                  "fontSize": 16,
                                },
                                undefined,
                              ]
                            }
                          >
                            Confirm
                          </Text>
                        </View>
                      </View>
                    </View>
                  </View>
                </View>
              </Modal>
            </View>
          </View>
        </View>
        <View
          style={
            Object {
              "alignItems": "center",
              "backgroundColor": "#ededed",
              "borderBottomWidth": 0.2,
              "flexDirection": "row",
              "height": "18%",
              "justifyContent": "center",
              "width": "100%",
            }
          }
        >
          <View
            accessible={true}
            isTVSelectable={true}
            onResponderGrant={[Function]}
            onResponderMove={[Function]}
            onResponderRelease={[Function]}
            onResponderTerminate={[Function]}
            onResponderTerminationRequest={[Function]}
            onStartShouldSetResponder={[Function]}
            style={
              Object {
                "alignItems": "center",
                "backgroundColor": "#3aadff",
                "height": "100%",
                "justifyContent": "center",
                "opacity": 1,
                "width": "100%",
              }
            }
          >
            <Text
              accessible={true}
              allowFontScaling={true}
              ellipsizeMode="tail"
              style={
                Object {
                  "color": "#f7f7f7",
                  "fontSize": 16,
                  "fontWeight": "bold",
                }
              }
            >
              Save
            </Text>
          </View>
        </View>
        <View
          style={
            Object {
              "alignItems": "center",
              "backgroundColor": "#ededed",
              "borderBottomWidth": 0.2,
              "flexDirection": "row",
              "height": "18%",
              "justifyContent": "center",
              "width": "100%",
            }
          }
        >
          <View
            accessible={true}
            isTVSelectable={true}
            onResponderGrant={[Function]}
            onResponderMove={[Function]}
            onResponderRelease={[Function]}
            onResponderTerminate={[Function]}
            onResponderTerminationRequest={[Function]}
            onStartShouldSetResponder={[Function]}
            style={
              Object {
                "alignItems": "center",
                "backgroundColor": "#ff3d3d",
                "height": "100%",
                "justifyContent": "center",
                "opacity": 1,
                "width": "100%",
              }
            }
          >
            <Text
              accessible={true}
              allowFontScaling={true}
              ellipsizeMode="tail"
              style={
                Object {
                  "color": "#f7f7f7",
                  "fontSize": 16,
                  "fontWeight": "bold",
                }
              }
            >
              Delete
            </Text>
          </View>
        </View>
      </View>
    </Modal>
  </View>,
]
`;
