// Jest Snapshot v1, https://goo.gl/fbAQLP

exports[`TodoList renders correctly! 1`] = `
<View
  style={
    Object {
      "borderRadius": 4,
      "height": "100%",
      "width": "100%",
    }
  }
>
  <View
    style={
      Object {
        "alignItems": "center",
        "backgroundColor": "#f7f7f7",
        "flexDirection": "row",
        "height": "13%",
        "justifyContent": "space-around",
        "width": "100%",
      }
    }
  >
    <TextInput
      allowFontScaling={true}
      onChangeText={[Function]}
      placeholder="write something here"
      style={
        Object {
          "color": "#a0a0a0",
          "fontSize": 18,
          "height": "80%",
          "width": "70%",
        }
      }
      value=""
    />
    <View
      accessible={true}
      isTVSelectable={true}
      onResponderGrant={[Function]}
      onResponderMove={[Function]}
      onResponderRelease={[Function]}
      onResponderTerminate={[Function]}
      onResponderTerminationRequest={[Function]}
      onStartShouldSetResponder={[Function]}
      style={
        Object {
          "alignItems": "center",
          "borderColor": "#5cacec",
          "borderRadius": 25,
          "borderWidth": 1,
          "height": 50,
          "justifyContent": "center",
          "marginRight": 10,
          "opacity": 1,
          "width": 50,
        }
      }
    >
      <Text
        accessible={true}
        allowFontScaling={true}
        ellipsizeMode="tail"
        style={
          Object {
            "color": "#5cacec",
            "fontSize": 15,
          }
        }
      >
        Add
      </Text>
    </View>
  </View>
  <View
    style={
      Object {
        "alignItems": "center",
        "borderBottomWidth": 0.5,
        "borderTopWidth": 0.5,
        "height": "7%",
        "justifyContent": "center",
        "width": "100%",
      }
    }
  >
    <View
      accessibilityComponentType="button"
      accessibilityTraits={
        Array [
          "button",
        ]
      }
      accessible={true}
      isTVSelectable={true}
      onResponderGrant={[Function]}
      onResponderMove={[Function]}
      onResponderRelease={[Function]}
      onResponderTerminate={[Function]}
      onResponderTerminationRequest={[Function]}
      onStartShouldSetResponder={[Function]}
      style={
        Object {
          "opacity": 1,
        }
      }
    >
      <View
        style={
          Array [
            Object {},
          ]
        }
      >
        <Text
          accessible={true}
          allowFontScaling={true}
          ellipsizeMode="tail"
          style={
            Array [
              Object {
                "color": "#007AFF",
                "fontSize": 18,
                "padding": 8,
                "textAlign": "center",
              },
            ]
          }
        >
          Show finished todos
        </Text>
      </View>
    </View>
  </View>
  <View
    style={
      Object {
        "flex": 1,
      }
    }
  />
</View>
`;
